// Jest Snapshot v1, https://goo.gl/fbAQLP

exports[`Navbar should render the Navbar component 1`] = `null`;
