// Jest Snapshot v1, https://goo.gl/fbAQLP

exports[`Player should render the Player component 1`] = `null`;
