// Jest Snapshot v1, https://goo.gl/fbAQLP

exports[`RoomButton should render the RoomButton component 1`] = `
<View
  accessibilityState={
    {
      "busy": undefined,
      "checked": undefined,
      "disabled": false,
      "expanded": undefined,
      "selected": undefined,
    }
  }
  accessibilityValue={
    {
      "max": undefined,
      "min": undefined,
      "now": undefined,
      "text": undefined,
    }
  }
  accessible={true}
  collapsable={false}
  focusable={true}
  onClick={[Function]}
  onResponderGrant={[Function]}
  onResponderMove={[Function]}
  onResponderRelease={[Function]}
  onResponderTerminate={[Function]}
  onResponderTerminationRequest={[Function]}
  onStartShouldSetResponder={[Function]}
  style={
    {
      "alignItems": "center",
      "backgroundColor": "blue",
      "borderRadius": 50,
      "borderWidth": 2,
      "display": "flex",
      "height": 80,
      "justifyContent": "center",
      "opacity": 1,
      "shadowOffset": {
        "height": 0,
        "width": 0,
      },
      "shadowOpacity": 1,
      "shadowRadius": 5,
      "width": 300,
    }
  }
>
  <Text
    style={
      [
        {
          "color": "#fff",
          "fontSize": 24,
          "position": "absolute",
        },
        {
          "color": "white",
        },
      ]
    }
  >
    Click me
  </Text>
</View>
`;
