// Jest Snapshot v1, https://goo.gl/fbAQLP

exports[`CreateRoom should render the CreateRoom component 1`] = `
<View
  style={
    {
      "backgroundColor": "#191414",
      "flex": 1,
      "height": 300,
    }
  }
>
  <View
    style={
      {
        "height": "100%",
        "position": "absolute",
        "width": "100%",
      }
    }
  >
    <View
      style={
        [
          {
            "borderRadius": 100,
            "elevation": 5,
            "height": 200,
            "opacity": 0.2,
            "position": "absolute",
            "right": 150,
            "shadowOffset": {
              "height": 0,
              "width": 0,
            },
            "shadowOpacity": 0.8,
            "shadowRadius": 6,
            "top": 510,
            "width": 200,
          },
          {
            "backgroundColor": "#1DB954",
            "shadowColor": "#1DB954",
          },
        ]
      }
    />
    <View
      style={
        [
          {
            "borderRadius": 200,
            "bottom": -200,
            "elevation": 5,
            "height": 400,
            "opacity": 0.3,
            "position": "absolute",
            "right": -100,
            "shadowOffset": {
              "height": 0,
              "width": 0,
            },
            "shadowOpacity": 0.8,
            "shadowRadius": 6,
            "width": 400,
          },
          {
            "backgroundColor": "#1DB954",
            "shadowColor": "#1DB954",
          },
        ]
      }
    />
    <View
      style={
        [
          {
            "borderRadius": 50,
            "bottom": 280,
            "elevation": 5,
            "height": 100,
            "opacity": 0.1,
            "position": "absolute",
            "right": 90,
            "shadowOffset": {
              "height": 0,
              "width": 0,
            },
            "shadowOpacity": 0.8,
            "shadowRadius": 6,
            "width": 100,
          },
          {
            "backgroundColor": "#1DB954",
            "shadowColor": "#1DB954",
          },
        ]
      }
    />
    <View
      style={
        [
          {
            "borderRadius": 100,
            "elevation": 5,
            "height": 200,
            "left": 30,
            "opacity": 0.4,
            "position": "absolute",
            "shadowOffset": {
              "height": 0,
              "width": 0,
            },
            "shadowOpacity": 0.8,
            "shadowRadius": 6,
            "top": 140,
            "width": 200,
          },
          {
            "backgroundColor": "rgba(10, 10, 10, 1)",
            "shadowColor": "rgba(10, 10, 10, 1)",
          },
        ]
      }
    />
    <View
      style={
        [
          {
            "borderRadius": 75,
            "elevation": 5,
            "height": 150,
            "opacity": 0.4,
            "position": "absolute",
            "right": 40,
            "shadowOffset": {
              "height": 0,
              "width": 0,
            },
            "shadowOpacity": 0.8,
            "shadowRadius": 6,
            "top": 150,
            "width": 150,
          },
          {
            "backgroundColor": "rgba(10, 10, 10, 1)",
            "shadowColor": "rgba(10, 10, 10, 1)",
          },
        ]
      }
    />
    <View
      style={
        [
          {
            "borderRadius": 25,
            "elevation": 5,
            "height": 50,
            "opacity": 0.2,
            "position": "absolute",
            "right": 150,
            "shadowOffset": {
              "height": 0,
              "width": 0,
            },
            "shadowOpacity": 0.8,
            "shadowRadius": 6,
            "top": 120,
            "width": 50,
          },
          {
            "backgroundColor": "#B026FF",
            "shadowColor": "#B026FF",
          },
        ]
      }
    />
    <View
      style={
        [
          {
            "borderRadius": 125,
            "elevation": 5,
            "height": 250,
            "opacity": 0.4,
            "position": "absolute",
            "right": -60,
            "shadowOffset": {
              "height": 0,
              "width": 0,
            },
            "shadowOpacity": 0.8,
            "shadowRadius": 6,
            "top": -60,
            "width": 250,
          },
          {
            "backgroundColor": "#B026FF",
            "shadowColor": "#B026FF",
          },
        ]
      }
    />
  </View>
  <View
    style={
      {
        "alignItems": "center",
        "backgroundColor": "rgba(10, 10, 10, 0.5)",
        "flexDirection": "row",
        "height": "13%",
        "justifyContent": "center",
        "left": 0,
        "position": "absolute",
        "top": 0,
        "width": "100%",
      }
    }
  >
    <View
      accessibilityState={
        {
          "busy": undefined,
          "checked": undefined,
          "disabled": undefined,
          "expanded": undefined,
          "selected": undefined,
        }
      }
      accessibilityValue={
        {
          "max": undefined,
          "min": undefined,
          "now": undefined,
          "text": undefined,
        }
      }
      accessible={true}
      collapsable={false}
      focusable={true}
      onClick={[Function]}
      onResponderGrant={[Function]}
      onResponderMove={[Function]}
      onResponderRelease={[Function]}
      onResponderTerminate={[Function]}
      onResponderTerminationRequest={[Function]}
      onStartShouldSetResponder={[Function]}
      style={
        {
          "height": 50,
          "left": 20,
          "opacity": 1,
          "position": "absolute",
          "top": "50%",
          "width": 50,
        }
      }
    >
      <Text />
    </View>
    <Text
      style={
        {
          "color": "#fff",
          "fontSize": 24,
          "maxWidth": "70%",
          "position": "absolute",
          "top": "50%",
        }
      }
    >
      Create Room
    </Text>
  </View>
  <Text
    style={
      {
        "color": "#BBB",
        "fontSize": 22,
        "marginBottom": 10,
        "marginHorizontal": 60,
        "marginTop": 220,
      }
    }
  >
    Give your new room a name!
  </Text>
  <View
    onLayout={[Function]}
    style={
      {
        "alignItems": "center",
        "backgroundColor": "#101010",
        "borderRadius": 30,
        "flexDirection": "column",
        "height": "30%",
        "justifyContent": "space-around",
        "margin": 20,
        "shadowColor": "#1DB954",
        "shadowOffset": {
          "height": -2,
          "width": -2,
        },
        "shadowOpacity": 0.3,
        "width": "90%",
      }
    }
  >
    <TextInput
      onChangeText={[Function]}
      placeholder="Chill party..."
      placeholderTextColor="#888"
      style={
        {
          "backgroundColor": "#101010",
          "borderBottomColor": "#B026FF",
          "borderBottomEndRadius": 100,
          "borderBottomWidth": 2,
          "borderStartColor": "#B026FF",
          "borderStartWidth": 1,
          "color": "#fff",
          "fontSize": 24,
          "marginTop": 50,
          "padding": 10,
          "width": 250,
        }
      }
      value=""
    />
    <View
      accessibilityState={
        {
          "busy": undefined,
          "checked": undefined,
          "disabled": undefined,
          "expanded": undefined,
          "selected": undefined,
        }
      }
      accessibilityValue={
        {
          "max": undefined,
          "min": undefined,
          "now": undefined,
          "text": undefined,
        }
      }
      accessible={true}
      collapsable={false}
      focusable={true}
      onClick={[Function]}
      onResponderGrant={[Function]}
      onResponderMove={[Function]}
      onResponderRelease={[Function]}
      onResponderTerminate={[Function]}
      onResponderTerminationRequest={[Function]}
      onStartShouldSetResponder={[Function]}
      style={
        {
          "alignItems": "center",
          "backgroundColor": "#191414",
          "borderColor": "#B026FF",
          "borderRadius": 50,
          "borderWidth": 2,
          "display": "flex",
          "height": 80,
          "justifyContent": "center",
          "opacity": 1,
          "shadowColor": "#B026FF",
          "shadowOffset": {
            "height": 0,
            "width": 0,
          },
          "shadowOpacity": 1,
          "shadowRadius": 5,
          "width": 300,
        }
      }
    >
      <Text
        style={
          [
            {
              "color": "#fff",
              "fontSize": 24,
              "position": "absolute",
            },
            undefined,
          ]
        }
      >
        Create Room
      </Text>
    </View>
  </View>
</View>
`;
