// Jest Snapshot v1, https://goo.gl/fbAQLP

exports[`JoinOrCreateRoom should render the JoinOrCreateRoom component 1`] = `
<View
  style={
    {
      "alignItems": "center",
      "backgroundColor": "#191414",
      "flex": 1,
    }
  }
>
  <View
    style={
      {
        "height": "100%",
        "position": "absolute",
        "width": "100%",
      }
    }
  >
    <View
      style={
        [
          {
            "borderRadius": 125,
            "elevation": 5,
            "height": 250,
            "opacity": 0.4,
            "position": "absolute",
            "right": -60,
            "shadowOffset": {
              "height": 0,
              "width": 0,
            },
            "shadowOpacity": 0.8,
            "shadowRadius": 6,
            "top": -60,
            "width": 250,
          },
          {
            "backgroundColor": "#1DB954",
            "shadowColor": "#1DB954",
          },
        ]
      }
    />
    <View
      style={
        [
          {
            "borderRadius": 25,
            "elevation": 5,
            "height": 50,
            "opacity": 0.4,
            "position": "absolute",
            "right": 100,
            "shadowOffset": {
              "height": 0,
              "width": 0,
            },
            "shadowOpacity": 0.8,
            "shadowRadius": 6,
            "top": 150,
            "width": 50,
          },
          {
            "backgroundColor": "#1DB954",
            "shadowColor": "#1DB954",
          },
        ]
      }
    />
    <View
      style={
        [
          {
            "borderRadius": 45,
            "elevation": 5,
            "height": 90,
            "opacity": 0.4,
            "position": "absolute",
            "right": 130,
            "shadowOffset": {
              "height": 0,
              "width": 0,
            },
            "shadowOpacity": 0.8,
            "shadowRadius": 6,
            "top": 110,
            "width": 90,
          },
          {
            "backgroundColor": "#1DB954",
            "shadowColor": "#1DB954",
          },
        ]
      }
    />
    <View
      style={
        [
          {
            "borderRadius": 75,
            "bottom": -20,
            "elevation": 5,
            "height": 150,
            "left": -20,
            "opacity": 0.4,
            "position": "absolute",
            "shadowOffset": {
              "height": 0,
              "width": 0,
            },
            "shadowOpacity": 0.8,
            "shadowRadius": 6,
            "width": 150,
          },
          {
            "backgroundColor": "#1DB954",
            "shadowColor": "#1DB954",
          },
        ]
      }
    />
    <View
      style={
        [
          {
            "borderRadius": 50,
            "bottom": 100,
            "elevation": 5,
            "height": 100,
            "left": -40,
            "opacity": 0.4,
            "position": "absolute",
            "shadowOffset": {
              "height": 0,
              "width": 0,
            },
            "shadowOpacity": 0.8,
            "shadowRadius": 6,
            "width": 100,
          },
          {
            "backgroundColor": "#1DB954",
            "shadowColor": "#1DB954",
          },
        ]
      }
    />
    <View
      style={
        [
          {
            "borderRadius": 75,
            "elevation": 5,
            "height": 150,
            "left": -10,
            "opacity": 0.4,
            "position": "absolute",
            "shadowOffset": {
              "height": 0,
              "width": 0,
            },
            "shadowOpacity": 0.8,
            "shadowRadius": 6,
            "top": -20,
            "width": 150,
          },
          {
            "backgroundColor": "#B026FF",
            "shadowColor": "#B026FF",
          },
        ]
      }
    />
    <View
      style={
        [
          {
            "borderRadius": 40,
            "elevation": 5,
            "height": 80,
            "left": -10,
            "opacity": 0.4,
            "position": "absolute",
            "shadowOffset": {
              "height": 0,
              "width": 0,
            },
            "shadowOpacity": 0.8,
            "shadowRadius": 6,
            "top": 100,
            "width": 80,
          },
          {
            "backgroundColor": "#B026FF",
            "shadowColor": "#B026FF",
          },
        ]
      }
    />
    <View
      style={
        [
          {
            "borderRadius": 15,
            "elevation": 5,
            "height": 30,
            "left": 120,
            "opacity": 0.4,
            "position": "absolute",
            "shadowOffset": {
              "height": 0,
              "width": 0,
            },
            "shadowOpacity": 0.8,
            "shadowRadius": 6,
            "top": 30,
            "width": 30,
          },
          {
            "backgroundColor": "#B026FF",
            "shadowColor": "#B026FF",
          },
        ]
      }
    />
    <View
      style={
        [
          {
            "borderRadius": 75,
            "bottom": -20,
            "elevation": 5,
            "height": 150,
            "opacity": 0.4,
            "position": "absolute",
            "right": -20,
            "shadowOffset": {
              "height": 0,
              "width": 0,
            },
            "shadowOpacity": 0.8,
            "shadowRadius": 6,
            "width": 150,
          },
          {
            "backgroundColor": "#B026FF",
            "shadowColor": "#B026FF",
          },
        ]
      }
    />
    <View
      style={
        [
          {
            "borderRadius": 50,
            "bottom": 100,
            "elevation": 5,
            "height": 100,
            "opacity": 0.4,
            "position": "absolute",
            "right": -40,
            "shadowOffset": {
              "height": 0,
              "width": 0,
            },
            "shadowOpacity": 0.8,
            "shadowRadius": 6,
            "width": 100,
          },
          {
            "backgroundColor": "#B026FF",
            "shadowColor": "#B026FF",
          },
        ]
      }
    />
  </View>
  <Text
    style={
      {
        "color": "#1DB954",
        "fontSize": 40,
        "top": 230,
      }
    }
  >
     Spotify Votes 
  </Text>
  <Text
    style={
      {
        "color": "#fff",
        "fontSize": 30,
        "top": 280,
      }
    }
  >
     Hi, 
    ! 
  </Text>
  <View
    accessibilityState={
      {
        "busy": undefined,
        "checked": undefined,
        "disabled": false,
        "expanded": undefined,
        "selected": undefined,
      }
    }
    accessibilityValue={
      {
        "max": undefined,
        "min": undefined,
        "now": undefined,
        "text": undefined,
      }
    }
    accessible={true}
    collapsable={false}
    focusable={true}
    onClick={[Function]}
    onResponderGrant={[Function]}
    onResponderMove={[Function]}
    onResponderRelease={[Function]}
    onResponderTerminate={[Function]}
    onResponderTerminationRequest={[Function]}
    onStartShouldSetResponder={[Function]}
    style={
      {
        "alignItems": "center",
        "backgroundColor": "#191414",
        "borderColor": "#B026FF",
        "borderRadius": 50,
        "borderWidth": 2,
        "display": "flex",
        "height": 80,
        "justifyContent": "center",
        "opacity": 1,
        "shadowColor": "#B026FF",
        "shadowOffset": {
          "height": 0,
          "width": 0,
        },
        "shadowOpacity": 1,
        "shadowRadius": 5,
        "top": 350,
        "width": 300,
      }
    }
  >
    <Text
      style={
        [
          {
            "color": "#fff",
            "fontSize": 24,
            "position": "absolute",
          },
          {
            "color": "#fff",
            "fontSize": 24,
            "position": "absolute",
          },
        ]
      }
    >
      Create Room
    </Text>
  </View>
  <View
    accessibilityState={
      {
        "busy": undefined,
        "checked": undefined,
        "disabled": undefined,
        "expanded": undefined,
        "selected": undefined,
      }
    }
    accessibilityValue={
      {
        "max": undefined,
        "min": undefined,
        "now": undefined,
        "text": undefined,
      }
    }
    accessible={true}
    collapsable={false}
    focusable={true}
    onClick={[Function]}
    onResponderGrant={[Function]}
    onResponderMove={[Function]}
    onResponderRelease={[Function]}
    onResponderTerminate={[Function]}
    onResponderTerminationRequest={[Function]}
    onStartShouldSetResponder={[Function]}
    style={
      {
        "alignItems": "center",
        "backgroundColor": "#191414",
        "borderColor": "#1DB954",
        "borderRadius": 50,
        "borderWidth": 2,
        "color": "#1DB954",
        "display": "flex",
        "height": 80,
        "justifyContent": "center",
        "marginTop": 25,
        "opacity": 1,
        "shadowColor": "#1DB954",
        "shadowOffset": {
          "height": 0,
          "width": 0,
        },
        "shadowOpacity": 1,
        "shadowRadius": 5,
        "top": 350,
        "width": 300,
      }
    }
  >
    <Text
      style={
        [
          {
            "color": "#fff",
            "fontSize": 24,
            "position": "absolute",
          },
          {
            "color": "#fff",
            "fontSize": 24,
            "position": "absolute",
          },
        ]
      }
    >
      Join Room
    </Text>
  </View>
</View>
`;
